MSBuild version 17.10.4+10fbfbf2e for .NET Framework

  Checking File Globs
  BinaryTools.vcxproj -> C:\Users\gnatm\Code\VRmicelliKart-Claude\build\torch\lib\binarytools\Release\BinaryTools.lib
  ImGui.vcxproj -> C:\Users\gnatm\Code\VRmicelliKart-Claude\libultraship\Release\ImGui.lib
  N64Graphics.vcxproj -> C:\Users\gnatm\Code\VRmicelliKart-Claude\build\torch\lib\n64graphics\Release\N64Graphics.lib
  monocypher.vcxproj -> C:\Users\gnatm\Code\VRmicelliKart-Claude\libultraship\Release\monocypher.lib
  prism.vcxproj -> C:\Users\gnatm\Code\VRmicelliKart-Claude\build\_deps\prism-build\Release\prism.lib
  stb.vcxproj -> C:\Users\gnatm\Code\VRmicelliKart-Claude\libultraship\Release\stb.lib
  libultraship.vcxproj -> C:\Users\gnatm\Code\VRmicelliKart-Claude\x64\Release\libultraship.lib
  tinyxml2.vcxproj -> C:\Users\gnatm\Code\VRmicelliKart-Claude\build\_deps\tinyxml2-build\Release\tinyxml2.lib
  yaml-cpp.vcxproj -> C:\Users\gnatm\Code\VRmicelliKart-Claude\build\_deps\yaml-cpp-build\Release\yaml-cpp.lib
  torch.vcxproj -> C:\Users\gnatm\Code\VRmicelliKart-Claude\build\torch\Release\torch.lib
  ImguiUI.cpp
C:\Users\gnatm\Code\VRmicelliKart-Claude\libultraship\include\fast\lus_gbi.h(137,9): warning C4005: 'GIMMCMD': macro redefinition [C:\Users\gnatm\Code\VRmicelliKart-Claude\build\Spaghettify.vcxproj]
C:\Users\gnatm\Code\VRmicelliKart-Claude\libultraship\include\fast\lus_gbi.h(811,9): warning C4005: '_LANGUAGE_C': macro redefinition [C:\Users\gnatm\Code\VRmicelliKart-Claude\build\Spaghettify.vcxproj]
C:\Users\gnatm\Code\VRmicelliKart-Claude\src\engine\CoreMath.h(162,19): warning C4244: '=': conversion from 'float' to 'uint16_t', possible loss of data [C:\Users\gnatm\Code\VRmicelliKart-Claude\build\Spaghettify.vcxproj]
C:\Users\gnatm\Code\VRmicelliKart-Claude\src\engine\CoreMath.h(163,19): warning C4244: '=': conversion from 'float' to 'uint16_t', possible loss of data [C:\Users\gnatm\Code\VRmicelliKart-Claude\build\Spaghettify.vcxproj]
C:\Users\gnatm\Code\VRmicelliKart-Claude\src\engine\CoreMath.h(164,19): warning C4244: '=': conversion from 'float' to 'uint16_t', possible loss of data [C:\Users\gnatm\Code\VRmicelliKart-Claude\build\Spaghettify.vcxproj]
C:\Users\gnatm\Code\VRmicelliKart-Claude\src\camera.h(22,14): warning C4091: 'typedef ': ignored on left of 'RenderMode' when no variable is declared [C:\Users\gnatm\Code\VRmicelliKart-Claude\build\Spaghettify.vcxproj]
C:\Users\gnatm\Code\VRmicelliKart-Claude\include\spline.h(36,24): warning C4200: nonstandard extension used: zero-sized array in struct/union [C:\Users\gnatm\Code\VRmicelliKart-Claude\build\Spaghettify.vcxproj]
C:\Users\gnatm\Code\VRmicelliKart-Claude\include\macros.h(47,9): warning C4005: 'NORETURN': macro redefinition [C:\Users\gnatm\Code\VRmicelliKart-Claude\build\Spaghettify.vcxproj]
C:\Users\gnatm\Code\VRmicelliKart-Claude\src\engine\World.h(41,16): warning C4091: 'typedef ': ignored on left of 'World::Matrix' when no variable is declared [C:\Users\gnatm\Code\VRmicelliKart-Claude\build\Spaghettify.vcxproj]
C:\Users\gnatm\Code\VRmicelliKart-Claude\src\port\ui\Menu.h(100,52): warning C4805: '==': unsafe mix of type 'int32_t' and type 'bool' in operation [C:\Users\gnatm\Code\VRmicelliKart-Claude\build\Spaghettify.vcxproj]
C:\Program Files\Microsoft Visual Studio\2022\Community\VC\Tools\MSVC\14.40.33807\include\optional(82,17): warning C4244: 'initializing': conversion from '_Ty' to 'float', possible loss of data [C:\Users\gnatm\Code\VRmicelliKart-Claude\build\Spaghettify.vcxproj]
C:\Program Files\Microsoft Visual Studio\2022\Community\VC\Tools\MSVC\14.40.33807\include\optional(82,17): warning C4244:         with [C:\Users\gnatm\Code\VRmicelliKart-Claude\build\Spaghettify.vcxproj]
C:\Program Files\Microsoft Visual Studio\2022\Community\VC\Tools\MSVC\14.40.33807\include\optional(82,17): warning C4244:         [ [C:\Users\gnatm\Code\VRmicelliKart-Claude\build\Spaghettify.vcxproj]
C:\Program Files\Microsoft Visual Studio\2022\Community\VC\Tools\MSVC\14.40.33807\include\optional(82,17): warning C4244:             _Ty=int [C:\Users\gnatm\Code\VRmicelliKart-Claude\build\Spaghettify.vcxproj]
C:\Program Files\Microsoft Visual Studio\2022\Community\VC\Tools\MSVC\14.40.33807\include\optional(82,17): warning C4244:         ] [C:\Users\gnatm\Code\VRmicelliKart-Claude\build\Spaghettify.vcxproj]
C:\Program Files\Microsoft Visual Studio\2022\Community\VC\Tools\MSVC\14.40.33807\include\optional(82,17): warning C4267: 'initializing': conversion from 'size_t' to 'unsigned int', possible loss of data [C:\Users\gnatm\Code\VRmicelliKart-Claude\build\Spaghettify.vcxproj]
     Creating library C:/Users/gnatm/Code/VRmicelliKart-Claude/build/Release/Spaghettify.lib and object C:/Users/gnatm/Code/VRmicelliKart-Claude/build/Release/Spaghettify.exp
  Spaghettify.vcxproj -> C:\Users\gnatm\Code\VRmicelliKart-Claude\build\Release\Spaghettify.exe
  	Copying asset yamls...
